Voltas AC 9092223748 may 01 2020
Aqua AMC 73972442806 Prem kumar May 07 2020 --> one year amc with filter change
7358336052 pastor david jayakumar


Reliance digital
sd11885953
ph 9840904830


sudo HTTP_PROXY=http://192.168.1.1:80/ docker pull busybox


ibm
ASSISTANT_APIKEY=Xeu5MyALtdXchRxn_xdcrkmutSs4v-zajVPJvzEaGz5t
ASSISTANT_IAM_APIKEY=Xeu5MyALtdXchRxn_xdcrkmutSs4v-zajVPJvzEaGz5t
ASSISTANT_URL=https://api.eu-gb.assistant.watson.cloud.ibm.com/instances/23105fe1-9299-4c68-bcb0-692105960bbe
ASSISTANT_AUTH_TYPE=iam


after two month need to call him for regular checkup

$ ps ax | grep firefox


ifconfig
sudo nmap -sn 192.168.1.0/24

https://itsfoss.com/fix-sound-ubuntu-1304-quick-tip/

cd ~/.wine/drive_c/RoadRash
wineconsole RUN.BAT

jupyter notebook

scp

folder remote to local
scp -r jetson@192.168.1.7:/home/jetson/Desktop/tamil data

local to remote
scp file.txt remote_username@10.10.0.2:/remote/directory
scp *.png pi@192.168.1.10:/home/pi/Desktop/Screenshot

scp -r temp jetson@192.168.1.7:/home/jetson/Desktop/tamil 

ssh chris@192.168.1.
export DISPLAY=:0


sudo ubuntu-drivers autoinstall

android
emulator -avd DassAndroid -netdelay none -netspeed full
emulator -list-avds
emulator -avd Pixel_2_API_28_2



npm install -g create-react-native-app
npm install -g react-native-cli

create-react-native-app MyReactNative
cd MyReactNative
npm start
npm run eject
Though your project ejected successfully, you may get an error as −
react-native run-android
npm run android

react-native link react-native-speech-recognizer

dns
sudo gedit /etc/resolv.conf
change to super user
sudo -i



mongodb
sudo apt-get install mongodb
sudo apt-get update
sudo service mongodb start
mongo
show dbs;
use newdb; //create new database if it is not there
db; //check current db
db.mycollection.insert({"car" : "BMw"});
show collections;
db.mycollection.find();

hackathan
api-champions
selvgnb@rbos.co.uk
https://developer.natwest.useinfinite.io/api-catalog/562939/specification

npx react-native run-android
dass@Dass-PC:~/Android/Sdk/emulator$ ./emulator -avd Pixel_2_API_28_2


jetson
https://www.youtube.com/watch?v=Ch1NKfER0oM


https://medium.com/@vsimon/how-to-install-chrome-remote-desktop-on-ubuntu-18-04-52d99980d83e


https://www.apronus.com/music/flashpiano.htm
https://www.dummies.com/programming/python/performing-a-fast-fourier-transform-fft-on-a-sound-file/
https://www.swharden.com/wp/2013-05-09-realtime-fft-audio-visualization-with-python/
https://www.swharden.com/wp/2016-07-19-realtime-audio-visualization-in-python/

https://stackoverflow.com/questions/31054437/how-to-install-wireshark-on-linux-and-capture-usb-traffic

http://janaxelson.com/usbc.htm

https://123movieshub.one/movie/madagascar-3-europes-most-wanted-2012/watching/?ep=3


wget -c -O /home/dass/Downloads/angrybird2.mp4 https://fady41x.ostreamcdn.com/u5kj7ir6cdhlsdgge4agenamkfm2xj4ipx3km4z7hkiqi6mipo25r65dwt6a/v.mp4


wget -c -O /home/dass/Downloads/peterrabbit.mp4 https://fs75.gounlimited.to/tea5ulmdlx2qzxfffoiibktv4ssacyng5va7ibllh5ji6t4qyoit4u6srqka/v.mp4

ffmpeg -i Songs.mp4 songs2.mp3
youtube-dl url

sudo pip3 install --upgrade youtube_dl
youtube-dl -x --audio-format mp3 https://youtu.be/Ongy28E6x3c
youtube-dl -x -k https://www.youtube.com/watch?v=j_cm1vi1rXU

ffplay -nodisp

for f in *.mp3 ; do ffplay -nodisp -autoexit "$f"; done

https://www.torrentfunk.com/all/torrents/udemy.html?v=&smi=&sma=&i=50&sort=seeds&o=desc


==== PI install vscode
wget https://github.com/stevedesmond-ca/vscode-arm/releases/download/1.28.2/vscode-1.28.2.deb
sudo apt install ./vscode-1.28.2.deb

https://beebom.com/how-clone-raspberry-pi-sd-card-windows-linux-macos/


========PI bluetooth

python3 -m pip install pybluez


Thats because one of the dependencies is missing. Its also better that u download it and compile it from source. install mercurial

sudo apt-get install mercurial

the clone the source of gattlib

hg clone https://bitbucket.org/OscarAcena/pygattlib
cd pygattlib
cat DEPENDS

you need to install all those dependencies, the reason you getting that error is because you didn't install libboost-thread-dev.

sudo apt-get install libboost-thread-dev

now install gattlib like any other python module.

sudo python setup.py install

That should fix it. Thats how I install it on the RPi 3

====
sudo apt-get install libbluetooth-dev python-dev libglib2.0-dev libboost-python-dev libboost-thread-dev

pip3 download gattlib
tar xvzf ./gattlib-0.20150805.tar.gz
cd gattlib-0.20150805/
sed -ie 's/boost_python-py34/boost_python-py35/' setup.py
pip3 install .

sudo python3 -m pip install pybluez pybluez\[ble\]
=====
sudo apt-get update
sudo apt-get install bluetooth
sudo apt-get install bluez
sudo apt-get install python-bluez
==
http://pages.iu.edu/~rwisman/c490/html/pythonandbluetooth.htm
https://people.csail.mit.edu/albert/bluez-intro/x232.html
https://electronicshobbyists.com/controlling-gpio-through-android-app-over-bluetooth-raspberry-pi-bluetooth-tutorial/

==========
https://github.com/pymupdf/PyMuPDF/wiki/How-to-extract-text-in-natural-reading-order-(up2down,-left2right)
https://github.com/pymupdf/PyMuPDF/blob/master/demo/PDFdisplay.py
=====
Docker
https://gist.github.com/bradtraversy/89fad226dc058a41b596d586022a9bd3

docker container exec -it mynginx bash

Show commands & management commands

$ dockerNamed volumes (Add -v command)(the name here is mysql-db which could be anything)

$ docker container run -d --name mysql -e MYSQL_ALLOW_EMPTY_PASSWORD=True -v mysql-db:/var/lib/mysql mysql

Inspect new named volume

docker volume inspect mysql-db


Docker version info

$ docker version

Show info like number of containers, etc

$ docker info

WORKING WITH CONTAINERS
Create an run a container in foreground

$ docker container run -it -p 80:80 nginx

Create an run a container in background

$ docker container run -d -p 80:80 nginx

Shorthand

$ docker container run -d -p 80:80 nginx

Naming Containers

$ docker container run -d -p 80:80 --name nginx-server nginx

List running containers

$ docker container ls

OR

$ docker ps

List all containers (Even if not running)

$ docker container ls -a

Stop container

$ docker container stop [ID]

Stop all running containers

$ docker stop $(docker ps -aq)

Remove container (Can not remove running containers, must stop first)

$ docker container rm [ID]

To remove a running container use force(-f)

$ docker container rm -f [ID]

Remove multiple containers

$ docker container rm [ID] [ID] [ID]

Remove all containers

$ docker rm $(docker ps -aq)

Get logs (Use name or ID)

$ docker container logs [NAME]

List processes running in container

$ docker container top [NAME]

List the images we have pulled

$ docker image ls

We can also just pull down images

$ docker pull [IMAGE]

Remove image

$ docker image rm [IMAGE]

Remove all images

$ docker rmi $(docker images -a -q)

NGINX:

$ docker container run -d -p 80:80 --name nginx nginx (-p 80:80 is optional as it runs on 80 by default)

APACHE:

$ docker container run -d -p 8080:80 --name apache httpd

MONGODB:

$ docker container run -d -p 27017:27017 --name mongo mongo

MYSQL:

$ docker container run -d -p 3306:3306 --name mysql --env MYSQL_ROOT_PASSWORD=123456 mysql

View info on container

$ docker container inspect [NAME]

Specific property (--format)

$ docker container inspect --format '{{ .NetworkSettings.IPAddress }}' [NAME]

Performance stats (cpu, mem, network, disk, etc)

$ docker container stats [NAME]

ACCESSING CONTAINERS
Create new nginx container and bash into

$ docker container run -it --name [NAME] nginx bash

    i = interactive Keep STDIN open if not attached
    t = tty - Open prompt

For Git Bash, use "winpty"

$ winpty docker container run -it --name [NAME] nginx bash

Run/Create Ubuntu container

$ docker container run -it --name ubuntu ubuntu


ou can also make it so when you exit the container does not stay by using the -rm flag

$ docker container run --rm -it --name [NAME] ubuntu

Access an already created container, start with -ai

$ docker container start -ai ubuntu

Use exec to edit config, etc

$ docker container exec -it mysql bash

Alpine is a very small Linux distro good for docker

$ docker container run -it alpine sh

"bridge" or "docker0" is the default network
Get port

$ docker container port [NAME]

List networks

$ docker network ls

Inspect network

$ docker network inspect [NETWORK_NAME]
("bridge" is default)

Create network

$ docker network create [NETWORK_NAME]

Create container on network

$ docker container run -d --name [NAME] --network [NETWORK_NAME] nginx

Connect existing container to network

$ docker network connect [NETWORK_NAME] [CONTAINER_NAME]

Disconnect container from network

$ docker network disconnect [NETWORK_NAME] [CONTAINER_NAME]

Detach network from container

$ docker network disconnect

tags are labels that point ot an image ID

$ docker image ls

Youll see that each image has a tag
Retag existing image

$ docker image tag nginx btraversy/nginx

Upload to dockerhub

$ docker image push bradtraversy/nginx

If denied, do

$ docker login

Add tag to new image

$ docker image tag bradtraversy/nginx bradtraversy/nginx:testing

Build image from Dockerfile

$ docker image build -t nginx-website

Running it

$ docker container run -p 80:80 --rm nginx-website

Tag and push to Dockerhub

$ docker image tag nginx-website:latest btraversy/nginx-website:latest

$ docker image push bradtraversy/nginx-website

Check volumes

$ docker volume ls

Cleanup unused volumes

$ docker volume prune

Pull down mysql image to test

$ docker pull mysql

Inspect and see volume

$ docker image inspect mysql

Run container

$ docker container run -d --name mysql -e MYSQL_ALLOW_EMPTY_PASSWORD=True mysql

Inspect and see volume in container

$ docker container inspect mysql

Named volumes (Add -v command)(the name here is mysql-db which could be anything)

$ docker container run -d --name mysql -e MYSQL_ALLOW_EMPTY_PASSWORD=True -v mysql-db:/var/lib/mysql mysql

Inspect new named volume

docker volume inspect mysql-db


========
sudo usermod -a -G vboxusers $USER
//get all groups
compgen -g

=========


[Document ID]
EDPVer=2001
CPType=SESSION
CPModule=SESSIONP.DLL
Language=ENU

[Windows Icon]
Icon={28000000200000004000000001000400000000008002000000000000000000000000000000
0000000000000000008000008000000080800080000000800080008080000080808000C0C0C00000
00FF0000FF000000FFFF00FF000000FF00FF00FFFF0000FFFFFF0007777777777777777777777777
77000000000000000000000000000000007000088787878787878787878787878807000088787878
78787878787878787880700008808080808088080808088080880700000000000000000000000000
00000000000000000000000000000000000700000000777777777777777777777700700000000000
00000000000000004700700000008787878888888888888807707000000084848488888888888888
00070000000400000000000000000000400000000000000007777777777070000000000000000777
00000000000077777000000000004000000000000000000470000000000008888888888888888880
70000000000008444444444444444480700000000000084CCCCCCCCCCCCCC480700000000000084C
CCCCCCCCCCCCC480700000000000084CCCCCCCCCCCCCC480700000000000084CCCCCCCCCCCCCC480
700000000000084CCCCCCCCCCCCCC480700000000000084CCCCCCCCCCCCCC480700000000000084C
CCCCCCCCCCCCC480700000000000084CCCCCCCCCCCECC480700000000000084CCCCCCCCCCCCEC480
700000000000084CCCCCCCCCCCCCC480700000000000084444444444444444807000000000000888
88888888888888807000000000004000000000000000000400000000000000000000000000000000
000000000000000000000000000000000000008000000F000000070000000380000001C0000000E0
000001FFFFFFF3FC000009F8000009F8000001F8000003F800001FFFC001FFFE00001FFC00001FFC
00001FFC00001FFC00001FFC00001FFC00001FFC00001FFC00001FFC00001FFC00001FFC00001FFC
00001FFC00001FFC00001FFC00001FFC00003FFFFFFFFFFFFFFFFF}

[Session]
PsTTOption=0
HostDescription=IBM AS/400
SnapshotBottomMargin=0.25
CharWait=0
CharDelay=0
ShowMenuBar=1
PsPrinterVersion=0
PsLineDrawingAttributes=0
PsPrintToDevice=0
MouseMapTo=0
MouseAction=0
PsYResolution=0
PsPrinterDmSize=148
UploadMode=Text
SecondaryKeyMap=apl.ekm
DefaultKeyTronic122Map=5250 Office (KeyTronic 122 Key).ekm
PsPrinterDataSize=0
PsFontPitchAndFamily=0
PsScale=100
PsPrintFontStyle=Regular
X=270
CaptureHeader=&f Screen Capture  &d &t
LBDActionId=0
LBPAction=0
RunMacroOnConnect=NO
PsXlateFileName=
SnapshotTopMargin=0.25
StatusBar=ON
PsScreensPerPage=1
PsFontCharSet=0
PsDmFields=1811
PsCRMeansLF=1
PsVideoAttributes=0
Y=197
RBDActionId=0
LDAction=0
InputLineX=0
BottomMargin=0.25
DefaultIrmaKey122Map=5250 Office (IRMAKey 122 Key).ekm
PsUseOldCode=0
ProductivityPaneWidth=168
PsLinesPerPage=62
PsFontHeight=12
PsNumberOfCopies=1
CaptureMode=1
LBRActionId=0
LBRAction=0
RunScriptBeforeConnection=OFF
InputLineY=0
PsPrintFontFaceName=Courier
PsDocumentName=untitled
CX=896
CaptureAutoFileName=OFF
CaptureDestination=1
RBDActionString=
RBRActionId=0
RBPActionString=
RDAction=0
DependentSections=Windows Icon;Document ID
LeftMargin=0.75
CaptureLeftMargin=0.75
QuickBar=ON
QuickHit=3
KeyMapEntry=PrimaryKeyMap
PsReverseGraphBW=0
PsPrinterData=""
PsDispAbortDlg=0
CY=583
MBPActionId=0
LBDActionString=
LBPActionString=
ScrollBack=8
SnapshotLeftMargin=0.75
SnapshotRightMargin=0.75
Default84KeyMap=5250 Office (84 Key).ekm
PsPaperQuality=-4
PsPrinterName="Generic / Text Only"
PsTabSize=4
PsAppendFile=1
MBDAction=0
RBDAction=0
CaptureBottomMargin=0.25
PrimaryKeyMap=5250 Office (101 key).ekm
PsPrintEmphasisInBold=0
PsPrintFooter=Date: &D Time: &T
CaptureFileName=
AutoSizeWindow=OFF
PsFileType=Text
PsUserSetMargins=0
MBRActionString=
StartCopyRadius=2
SelectionStyle=2
ExpandTabs=OFF
MenuBar.Docked=1
PsTranslateFileName=""
PsPrintPageCount=0
PsTranslationOn=0
PsPrintHeader=Document Name: &f
Footer=Page &p
MaxDelay=10000
PsFitToPage=0
PsPrintFilesDir=
PsLeftMargin=0.10
PsColorAttributes=0
PsPassThruPrinting=0
PsPrintingTimeout=20
PsDispPrintDlgBox=0
LBDAction=0
LBPActionId=0
ScriptArgs=
PsColor=1
PsDuplex=1
TopMargin=0.25
SnapshotFooter=Page &p
LineDelim=<CR>
QuickHitCursorPos=ON
DefaultIBM122Map=5250 Office (IBM 122 Key).ekm
PsWrapAroundLine=0
PsPrintingType=Standard
RBPActionId=0
AppendOnPasteToFile=ON
RightMargin=0.75
ReviewLine=OFF
LineWait=1
SnapshotDestination=1
PsTerminatingChar="\r\n"ออออออ
PsRightMargin=0.10
MBDActionId=0
RDQuickHitAppendEnter=ON
LSAction=0
PsPrinterdmSpecVersion=1024
InputLine=OFF
Header=Session &f Screen Selection &d &t
SnapshotAppend=ON
PsPaperSource=1
PsPaperSize=1
PsBottomMargin=0.25
PsRedirectPrintScreen=FALSE
KeyMap=5250 Office (101 key).ekm
DirFil=
MBDActionString=
MBPActionString=
QuickHitAppendEnter=ON
PsPrnFileName=prnfile.prn
WindowState=35
SnapshotHeader=&f Screen Snapshot  &d &t
SnapshotAutoFileName=OFF
LineDelay=0
CharCount=0
UseCustomMenu=0
PsConfirmFilePrompt=0
PsOrientation=Portrait
StartupScript=
PageRecognitionTime=4
CaptureRightMargin=0.75
CtrlZTextEof=ON
PsReplaceHeader=0
MenuBar.Left=0
MenuBar.Top=3
PsCopies=1
CaptureFooter=Page &p
MBRActionId=0
MBPAction=0
RBRActionString=
RBPAction=0
RSAction=0
CaptureTopMargin=0.25
SupportWebName=supportweb.attachmate.com
PsUseWinSettings=0
PsUseDefaultPrinter=0
PsTopMargin=0.25
CaptureAppend=ON
MBRAction=0
RBRAction=0
LBRActionString=

[HotSpots Scheme]
HSFieldFillColor=0x00FFFFFF
TextHotSpots=28
CPType=HOTSPOTS
RegionHotSpots=0
HSFieldTextColor=0x00000000
HotSpotsSchemeName=
FieldHotSpots=0

[HotSpots Globals]
PFKeyAutoInvoke=0
SpaceDelimitedHotSpots=1
HSFieldShadowColor=0x00404040
HSFieldFillColor=0x00FFFFFF
TextShadowColor=0x00404040
TextFillColor=0x00C0C0C0
TextDisplayStyle=FilledRectangle
PersistOnLostFocus=0
HSFieldHilightColor=0x00F0F0F0
RgnHilightColor=0x00F0F0F0
RgnShadowColor=0x00404040
TextOutlineColor=0x00FFFFFF
UnprotectedFieldHotSpots=1
TextHilightColor=0x00F0F0F0
HSFieldTextColor=0x00000000
HSFieldDisplayStyle=RecessedPanel
RgnDisplayStyle=OutlineRectangle
UseSingleClick=0x00000000
TextTextColor=0x00000000
Enabled=0
HSFieldOutlineColor=0x00FFFFFF
RgnOutlineColor=0x00FFFFFF

[th0]
th0.AnchorPoint=0,0
th0.SpaceTerminated=1
th0.Anchored=0
th0.ActionId=40000
th0.SpacePreceded=1
th0.ActionArg="<Reset>"
th0.Text="II"
th0.InvokeOnMatch=0
th0.CaseSensitive=1

[th1]
th1.SpaceTerminated=0
th1.InvokeOnMatch=0
th1.ActionArg="<Pf1>"
th1.CaseSensitive=1
th1.AnchorPoint=0,0
th1.Text="F1"
th1.Anchored=0
th1.ActionId=40000
th1.SpacePreceded=1

[th2]
th2.ActionId=40000
th2.Text="F2"
th2.SpacePreceded=1
th2.InvokeOnMatch=0
th2.CaseSensitive=1
th2.AnchorPoint=0,0
th2.SpaceTerminated=0
th2.ActionArg="<Pf2>"
th2.Anchored=0

[th3]
th3.AnchorPoint=0,0
th3.InvokeOnMatch=0
th3.CaseSensitive=1
th3.Anchored=0
th3.ActionId=40000
th3.Text="F3"
th3.SpaceTerminated=0
th3.ActionArg="<Pf3>"
th3.SpacePreceded=1

[th4]
th4.SpaceTerminated=0
th4.ActionArg="<Pf4>"
th4.Text="F4"
th4.AnchorPoint=0,0
th4.SpacePreceded=1
th4.Anchored=0
th4.InvokeOnMatch=0
th4.ActionId=40000
th4.CaseSensitive=1

[th5]
th5.InvokeOnMatch=0
th5.CaseSensitive=1
th5.Text="F5"
th5.AnchorPoint=0,0
th5.SpaceTerminated=0
th5.Anchored=0
th5.ActionArg="<Pf5>"
th5.ActionId=40000
th5.SpacePreceded=1

[th6]
th6.AnchorPoint=0,0
th6.Anchored=0
th6.Text="F6"
th6.ActionId=40000
th6.SpaceTerminated=0
th6.SpacePreceded=1
th6.ActionArg="<Pf6>"
th6.InvokeOnMatch=0
th6.CaseSensitive=1

[th7]
th7.InvokeOnMatch=0
th7.SpaceTerminated=0
th7.Text="F7"
th7.CaseSensitive=1
th7.ActionArg="<Pf7>"
th7.AnchorPoint=0,0
th7.Anchored=0
th7.ActionId=40000
th7.SpacePreceded=1

[th8]
th8.Text="F8"
th8.SpacePreceded=1
th8.InvokeOnMatch=0
th8.CaseSensitive=1
th8.Anchored=0
th8.AnchorPoint=0,0
th8.SpaceTerminated=0
th8.ActionId=40000
th8.ActionArg="<Pf8>"

[th9]
th9.Anchored=0
th9.Text="F9"
th9.InvokeOnMatch=0
th9.AnchorPoint=0,0
th9.ActionId=40000
th9.CaseSensitive=1
th9.SpaceTerminated=0
th9.ActionArg="<Pf9>"
th9.SpacePreceded=1

[th10]
th10.ActionArg="<Pf10>"
th10.SpaceTerminated=0
th10.Text="F10"
th10.SpacePreceded=1
th10.AnchorPoint=0,0
th10.Anchored=0
th10.InvokeOnMatch=0
th10.ActionId=40000
th10.CaseSensitive=1

[th11]
th11.AnchorPoint=0,0
th11.SpaceTerminated=0
th11.ActionId=40000
th11.SpacePreceded=1
th11.InvokeOnMatch=0
th11.CaseSensitive=1
th11.Text="F11"
th11.ActionArg="<Pf11>"
th11.Anchored=0

[th12]
th12.Anchored=0
th12.AnchorPoint=0,0
th12.Text="F12"
th12.ActionId=40000
th12.SpacePreceded=1
th12.ActionArg="<Pf12>"
th12.InvokeOnMatch=0
th12.SpaceTerminated=0
th12.CaseSensitive=1

[th13]
th13.SpacePreceded=1
th13.InvokeOnMatch=0
th13.ActionArg="<Pf13>"
th13.Text="F13"
th13.CaseSensitive=1
th13.SpaceTerminated=0
th13.Anchored=0
th13.AnchorPoint=0,0
th13.ActionId=40000

[th14]
th14.AnchorPoint=0,0
th14.SpaceTerminated=0
th14.Text="F14"
th14.SpacePreceded=1
th14.InvokeOnMatch=0
th14.CaseSensitive=1
th14.Anchored=0
th14.ActionArg="<Pf14>"
th14.ActionId=40000

[th15]
th15.SpacePreceded=1
th15.Anchored=0
th15.Text="F15"
th15.InvokeOnMatch=0
th15.ActionId=40000
th15.CaseSensitive=1
th15.AnchorPoint=0,0
th15.ActionArg="<Pf15>"
th15.SpaceTerminated=0

[th16]
th16.Text="F16"
th16.ActionArg="<Pf16>"
th16.SpaceTerminated=0
th16.Anchored=0
th16.ActionId=40000
th16.SpacePreceded=1
th16.InvokeOnMatch=0
th16.AnchorPoint=0,0
th16.CaseSensitive=1

[th17]
th17.AnchorPoint=0,0
th17.SpacePreceded=1
th17.SpaceTerminated=0
th17.InvokeOnMatch=0
th17.CaseSensitive=1
th17.Anchored=0
th17.ActionId=40000
th17.ActionArg="<Pf17>"
th17.Text="F17"

[th18]
th18.Anchored=0
th18.ActionId=40000
th18.AnchorPoint=0,0
th18.SpacePreceded=1
th18.ActionArg="<Pf18>"
th18.InvokeOnMatch=0
th18.CaseSensitive=1
th18.SpaceTerminated=0
th18.Text="F18"

[th19]
th19.SpacePreceded=1
th19.InvokeOnMatch=0
th19.CaseSensitive=1
th19.ActionArg="<Pf19>"
th19.Anchored=0
th19.SpaceTerminated=0
th19.ActionId=40000
th19.AnchorPoint=0,0
th19.Text="F19"

[th20]
th20.CaseSensitive=1
th20.Anchored=0
th20.Text="F20"
th20.ActionId=40000
th20.ActionArg="<Pf20>"
th20.SpaceTerminated=0
th20.AnchorPoint=0,0
th20.SpacePreceded=1
th20.InvokeOnMatch=0

[th21]
th21.AnchorPoint=0,0
th21.ActionArg="<Pf21>"
th21.SpaceTerminated=0
th21.SpacePreceded=1
th21.Text="F21"
th21.InvokeOnMatch=0
th21.CaseSensitive=1
th21.Anchored=0
th21.ActionId=40000

[th22]
th22.CaseSensitive=1
th22.ActionId=40000
th22.Text="F22"
th22.AnchorPoint=0,0
th22.SpacePreceded=1
th22.ActionArg="<Pf22>"
th22.SpaceTerminated=0
th22.Anchored=0
th22.InvokeOnMatch=0

[th23]
th23.Anchored=0
th23.Text="F23"
th23.ActionId=40000
th23.SpacePreceded=1
th23.InvokeOnMatch=0
th23.ActionArg="<Pf23>"
th23.CaseSensitive=1
th23.SpaceTerminated=0
th23.AnchorPoint=0,0

[th24]
th24.AnchorPoint=0,0
th24.ActionArg="<Pf24>"
th24.Text="F24"
th24.SpaceTerminated=0
th24.Anchored=0
th24.ActionId=40000
th24.SpacePreceded=1
th24.InvokeOnMatch=0
th24.CaseSensitive=1

[th25]
th25.Text="IM"
th25.SpacePreceded=1
th25.AnchorPoint=0,0
th25.InvokeOnMatch=0
th25.CaseSensitive=1
th25.Anchored=0
th25.ActionArg="<Insert>"
th25.SpaceTerminated=1
th25.ActionId=40000

[th26]
th26.Text="MW"
th26.Anchored=0
th26.ActionId=40000
th26.ActionArg="<SysReq>4<Enter>"
th26.SpaceTerminated=1
th26.AnchorPoint=0,0
th26.SpacePreceded=1
th26.InvokeOnMatch=0
th26.CaseSensitive=1

[th27]
th27.Text="More..."
th27.AnchorPoint=0,0
th27.ActionArg="<RollUp>"
th27.SpacePreceded=1
th27.SpaceTerminated=0
th27.Anchored=0
th27.InvokeOnMatch=0
th27.CaseSensitive=1
th27.ActionId=40000

[QuickBar]
DependentSections=QuickBar1
ToolTips=YES
CPType=QUICKBAR
Locked=NO
LargeButtons=NO
ColorButtons=YES

[QuickBar1]
LeftClient=0
Right=653
InParentTop=29
Left=0
QuickBarFile=5250.ETB
Bottom=85
InParentLeft=0
Top=54
BarStyle=4206512

[QuickPad]
EnableDocking=NO
ToolTips=YES
CPType=QUICKPAD

[Productivity]
OfficeBookmarkName=
RecentTypingNumFieldsToRemember=50
SpellingIgnoreNumbers=YES
EnableRecentTyping=YES
ShowProductivityPane=1
OfficeEnableWord=YES
EnableMacroBar=YES
EnableHistory=YES
OfficeEnableContact=YES
EnableAutoComplete=YES
OfficeEnableOutlookSwitching=YES
AutoCompleteAllScreenData=NO
SpellingCorrectCapLockUsage=YES
SpellingOption=0
CPType=PRODUCTIVITY
EnableScratchPad=YES
EnableSpellChecking=YES
OfficeEnableAppointment=YES
HistoryClearAfterPrint=NO
HistoryNumScreensToRemember=20
AutoCompleteRememberData=YES
SpellingCorrectTwoCaps=YES
SpellingMinFieldLen=8
OfficeEnableNote=YES
EnableKeystrokeCalculator=YES
EnableOutlookBar=YES
EnableProductivityPane=YES
OfficeEnableAddressBook=YES
HistoryPrintFormat=1
Name=PRODUCTIVITY
AutoCompleteMaxNumSuggestions=5
SpellingDictionaryPath=C:\Program Files (x86)\E!PC\Sessions\userdic.tlx
AutoCompleteMinNumChars=3
EnableAutoExpand=YES
OfficeTemplateName=
OfficeEnableTask=YES
SpellingIgnoreUpperCase=YES
OfficeEnableMail=YES

[File Transfer]
CPType=GENERIC
Name=NOFT

[Connection]
MsgQName=QSYSOPR
DeviceType=IBM-3477-FC (27 X 132, COLOR)
DevModel=TN5250
AutoLogon=NO
MsgLibName=*LIBL
KeepAliveInterval=600
KeepAliveOption=0
RemoteHostAddress=10.10.10.10
CertificateLabel=
DestinationPort=23
SSLEncryptionStrength=-1
UserID=
CustomizingObjLib=*LIBL
PaperSource1=*LETTER
IDMgrUseIP=NO
IDMgrAddrPool=
PaperSource2=*NONE
CPType=TN5250P
EnterKey=0
GeneralBypassWinGDI=0
SSLSecurity=10
HPTTypeModel=*HP4
VerifyServerID=1
HostName1=10.10.10.10
CertificateIssuer=
CertificateSerialNo=
OtherPrinter=
TerminalType=1
RemoteHostAddress2=
HostName2=
FontID=11
PromptSignOn=YES
IDMgrUseDNS=NO
CustomizingObj=QWPDEFAULT
TextAssist=NO
ConnectionTimeout=10
Password=
Name=TN5250
BackSpaceKey=0
DevName=
AutoReconnect=YES
AllowDeviceConflict=NO
UseIDMgr=NO
EnvelopeSource=*NONE

[Terminal]
DebugMsgs=1
CodePage=037
DraftQuality=0
BeepEnable=1
CursorSize=1
RuleLineAppear=0
BlinkingText=1
FontName=Lucida for Attachmate
InputInhibitAutoReset=0
RuleAtCursor=1
Country=ENG
TypeAheadOption=0
ColumnSeparatorHeight=2
FontSpacing=2
AutoSize=1
CursorBlink=1
HostCharSet=697
CPType=DCA5250P
KeyBoardType=USB
AutoSizeWindow=OFF
NumberOfCols=132
HostCodePage=285
MatchAspect=0
FontSize=0
MonoCase=0
CutProtected=0
CharSet=697
StatusLineStyle=0
RuleLineStyle=0
WordWrapOption=0
CursorShape=0
EnableHostBeep=0
Name=TT5250
HexModePreserve=0
ShowAttr=0
AidFieldExitMode=0
TrailingEdgeColumnSeparatorEnable=1
LeadingEdgeColumnSeparatorEnable=1

[Connection]
MsgQName=QSYSOPR
DeviceType=IBM-3477-FC (27 X 132, COLOR)
DevModel=TN5250
AutoLogon=NO
MsgLibName=*LIBL
KeepAliveInterval=600
KeepAliveOption=0
RemoteHostAddress=10.10.10.10
CertificateLabel=
DestinationPort=23
SSLEncryptionStrength=-1
UserID=
CustomizingObjLib=*LIBL
PaperSource1=*LETTER
IDMgrUseIP=NO
IDMgrAddrPool=
PaperSource2=*NONE
CPType=TN5250P
EnterKey=0
GeneralBypassWinGDI=0
SSLSecurity=10
HPTTypeModel=*HP4
VerifyServerID=1
HostName1=10.10.10.10
CertificateIssuer=
CertificateSerialNo=
OtherPrinter=
TerminalType=1
RemoteHostAddress2=
HostName2=
FontID=11
PromptSignOn=YES
IDMgrUseDNS=NO
CustomizingObj=QWPDEFAULT
TextAssist=NO
ConnectionTimeout=10
Password=
Name=TN5250
BackSpaceKey=0
DevName=
AutoReconnect=YES
AllowDeviceConflict=NO
UseIDMgr=NO
EnvelopeSource=*NONE

[Edit Scheme]
PasteMoveCursor=FALSE
CopyFmtCSVLocalized=TRUE
CopyFormatBIFF=TRUE
CutOptions=0
CopyFmtCSValue=,
CopyFormatDIB=TRUE
CopyFormatATM5250=TRUE
PasteTABsAs=FALSE
CopyUnProtected=TRUE
CopyProtected=TRUE
EditSchemeName=
CPType=ED5250
PasteProtected=FALSE
MoveMinusForward=1
PasteStyle=1
CopyFormatCSV=TRUE
CopyFormatCFTEXT=TRUE
CopyFmtCSVSeparater=0
PasteOptions=1
PasteWordWrap=TRUE
PasteTABsAsThis=

[Color Scheme]
DefColorStatBgnd=00000000
ColorRed=000000FF
ColorYellow=0000FFFF
ColorWhite=00FFFFFF
Background=00000000
ColorCyan=00FFFF00
ColorRuleLine=00FFFFFF
ColorSchemeName=
CPType=COL5250
ColorBlack=00000000
ColorPink=00FF00FF
ColorGreen=0000FF00
ColorBlue=00FFFF00
DefColorStatFgnd=0000FF00

